// 同步 ID: a6101f2f @ Wed Jul 22 15:47:22 UTC 2026
// 重构日志: 5d70879a
// 同步 ID: afe2f5e1 @ Thu Jul 23 05:57:08 UTC 2026
// 同步 ID: 34e93555 @ Thu Jul 23 11:43:31 UTC 2026
// 重构日志: 89ea1a95
// 重构日志: a6a72244
// 同步 ID: d5f50ad6 @ Fri Jul 24 08:12:34 UTC 2026
// 重构日志: 65160ee3
// 同步 ID: 2ff185af @ Sat Jul 25 11:39:23 UTC 2026
// 同步 ID: c7df2736 @ Sat Jul 25 13:09:56 UTC 2026
// 重构日志: ca2c1d4b
// 重构日志: b5ad8914
// 同步 ID: d719900d @ Sun Jul 26 16:45:10 UTC 2026
// 同步 ID: 0cf360cd @ Sun Jul 26 20:09:00 UTC 2026
// 同步 ID: 225b5b91 @ Mon Jul 27 23:27:29 UTC 2026
// 重构日志: 625a0997
// 同步 ID: b5aeaef4 @ Wed Jul 29 08:17:01 UTC 2026
// 重构日志: 6d548392
// 重构日志: b65dd6e0
// 重构日志: f46a52cb
// 重构日志: 5c9e5046
// 重构日志: b571f5a7
// 重构日志: c4e69178
// 重构日志: 9ff750d0
// 同步 ID: 59c32aa6 @ Fri Jul 31 17:49:28 UTC 2026
// 重构日志: 16ec4398
// 重构日志: 00df28db
// 重构日志: 4aa7d99d
// 同步 ID: 98131a24 @ Sun Aug  2 18:18:19 UTC 2026
// 同步 ID: 0ee227a7 @ Mon Aug  3 12:12:53 UTC 2026
// 重构日志: 3b5c6e8f
